SET client_min_messages = warning;
DROP EXTENSION uint CASCADE;
